#<RPG::Map:0x00000000063dcbf0
 @autoplay_bgm=false,
 @autoplay_bgs=false,
 @bgm=#<RPG::AudioFile:0x00000000063dcb50 @name="", @pitch=100, @volume=100>,
 @bgs=#<RPG::AudioFile:0x00000000064c5a30 @name="", @pitch=100, @volume=80>,
 @data=
  #<Table:0x00000000064c5850
   @elements=
    [[[144,
       144,
       144,
       144,
       144,
       144,
       144,
       144,
       144,
       144,
       144,
       144,
       144,
       144,
       144,
       144,
       144,
       144,
       144,
       144,
       144,
       144,
       144,
       144,
       144,
       144,
       144,
       144,
       144,
       144,
       144,
       144,
       144,
       144,
       144,
       144,
       144,
       144,
       144,
       144,
       0,
       0,
       0,
       0,
       0,
       0,
       0,
       0,
       0,
       0],
      [144,
       144,
       144,
       144,
       144,
       144,
       144,
       144,
       144,
       144,
       144,
       144,
       144,
       144,
       144,
       144,
       144,
       144,
       144,
       144,
       144,
       144,
       144,
       144,
       144,
       144,
       144,
       144,
       144,
       144,
       144,
       144,
       144,
       144,
       144,
       144,
       144,
       144,
       144,
       144,
       0,
       0,
       0,
       0,
       0,
       0,
       0,
       0,
       0,
       0],
      [144,
       144,
       144,
       144,
       144,
       144,
       144,
       144,
       144,
       144,
       144,
       144,
       144,
       144,
       144,
       144,
       144,
       144,
       144,
       144,
       144,
       144,
       144,
       144,
       144,
       144,
       144,
       144,
       144,
       144,
       144,
       144,
       144,
       144,
       144,
       144,
       144,
       144,
       144,
       144,
       0,
       0,
       0,
       0,
       0,
       0,
       0,
       0,
       0,
       0],
      [144,
       144,
       144,
       144,
       144,
       144,
       144,
       144,
       144,
       144,
       144,
       144,
       144,
       144,
       144,
       144,
       144,
       144,
       144,
       144,
       144,
       144,
       144,
       144,
       144,
       144,
       144,
       144,
       144,
       144,
       144,
       144,
       144,
       144,
       144,
       144,
       144,
       144,
       144,
       144,
       0,
       0,
       0,
       0,
       0,
       0,
       0,
       0,
       0,
       0],
      [144,
       144,
       144,
       144,
       144,
       144,
       144,
       144,
       144,
       144,
       144,
       144,
       144,
       144,
       144,
       144,
       144,
       144,
       144,
       144,
       144,
       144,
       144,
       144,
       144,
       144,
       144,
       144,
       144,
       144,
       144,
       144,
       144,
       144,
       144,
       144,
       144,
       144,
       144,
       144,
       0,
       0,
       0,
       0,
       0,
       0,
       0,
       0,
       0,
       0],
      [144,
       144,
       144,
       144,
       144,
       144,
       144,
       144,
       144,
       144,
       144,
       144,
       144,
       144,
       144,
       144,
       144,
       144,
       144,
       144,
       144,
       144,
       144,
       144,
       144,
       144,
       144,
       144,
       144,
       144,
       144,
       144,
       144,
       144,
       144,
       144,
       144,
       144,
       144,
       144,
       0,
       0,
       0,
       0,
       0,
       0,
       0,
       0,
       0,
       0],
      [144,
       144,
       144,
       144,
       144,
       144,
       144,
       144,
       144,
       144,
       144,
       144,
       144,
       144,
       144,
       144,
       144,
       144,
       144,
       144,
       144,
       144,
       144,
       144,
       144,
       144,
       144,
       144,
       144,
       144,
       144,
       144,
       144,
       144,
       144,
       144,
       144,
       144,
       144,
       144,
       0,
       0,
       0,
       0,
       0,
       0,
       0,
       0,
       0,
       0],
      [144,
       144,
       144,
       144,
       144,
       144,
       144,
       144,
       144,
       144,
       144,
       144,
       144,
       144,
       144,
       144,
       144,
       144,
       144,
       144,
       144,
       144,
       144,
       144,
       144,
       144,
       144,
       144,
       144,
       144,
       144,
       144,
       144,
       144,
       144,
       144,
       144,
       144,
       144,
       144,
       0,
       0,
       0,
       0,
       0,
       0,
       0,
       0,
       0,
       0],
      [144,
       144,
       144,
       144,
       144,
       144,
       144,
       144,
       144,
       144,
       144,
       144,
       144,
       144,
       144,
       144,
       144,
       144,
       144,
       144,
       144,
       144,
       144,
       144,
       144,
       144,
       144,
       144,
       144,
       144,
       144,
       144,
       144,
       144,
       144,
       144,
       144,
       144,
       144,
       144,
       0,
       0,
       0,
       0,
       0,
       0,
       0,
       0,
       0,
       0],
      [144,
       144,
       144,
       144,
       144,
       144,
       144,
       144,
       144,
       144,
       144,
       144,
       144,
       144,
       144,
       144,
       144,
       144,
       144,
       144,
       144,
       144,
       144,
       144,
       144,
       144,
       144,
       144,
       144,
       144,
       144,
       144,
       144,
       144,
       144,
       144,
       144,
       144,
       144,
       144,
       0,
       0,
       0,
       0,
       0,
       0,
       0,
       0,
       0,
       0],
      [144,
       144,
       144,
       144,
       144,
       144,
       144,
       144,
       144,
       144,
       144,
       144,
       144,
       144,
       144,
       144,
       144,
       144,
       144,
       144,
       144,
       144,
       144,
       144,
       144,
       144,
       144,
       144,
       144,
       144,
       144,
       144,
       144,
       144,
       144,
       144,
       144,
       144,
       144,
       144,
       0,
       0,
       0,
       0,
       0,
       0,
       0,
       0,
       0,
       0],
      [144,
       144,
       144,
       144,
       144,
       144,
       144,
       144,
       144,
       144,
       144,
       144,
       144,
       144,
       144,
       144,
       144,
       144,
       144,
       144,
       144,
       144,
       144,
       144,
       144,
       144,
       144,
       144,
       144,
       144,
       144,
       144,
       144,
       144,
       144,
       144,
       144,
       144,
       144,
       144,
       0,
       0,
       0,
       0,
       0,
       0,
       0,
       0,
       0,
       0],
      [144,
       144,
       144,
       144,
       144,
       144,
       144,
       144,
       144,
       144,
       144,
       144,
       144,
       148,
       172,
       172,
       172,
       172,
       172,
       172,
       172,
       172,
       172,
       172,
       172,
       152,
       144,
       144,
       144,
       144,
       144,
       144,
       144,
       144,
       144,
       144,
       144,
       144,
       144,
       144,
       0,
       0,
       0,
       0,
       0,
       0,
       0,
       0,
       0,
       0],
      [144,
       144,
       144,
       144,
       144,
       144,
       144,
       144,
       144,
       144,
       144,
       144,
       144,
       168,
       389,
       389,
       389,
       389,
       389,
       389,
       389,
       416,
       417,
       418,
       389,
       160,
       144,
       144,
       144,
       144,
       144,
       144,
       144,
       144,
       144,
       144,
       144,
       144,
       144,
       144,
       0,
       0,
       0,
       0,
       0,
       0,
       0,
       0,
       0,
       0],
      [144,
       144,
       144,
       144,
       144,
       144,
       144,
       144,
       144,
       144,
       144,
       148,
       172,
       182,
       397,
       397,
       397,
       397,
       397,
       397,
       397,
       424,
       425,
       426,
       397,
       160,
       144,
       144,
       144,
       144,
       144,
       144,
       144,
       144,
       144,
       144,
       144,
       144,
       144,
       144,
       0,
       0,
       0,
       0,
       0,
       0,
       0,
       0,
       0,
       0],
      [144,
       144,
       144,
       144,
       144,
       144,
       144,
       144,
       144,
       144,
       144,
       168,
       568,
       569,
       405,
       405,
       405,
       405,
       406,
       406,
       404,
       432,
       433,
       434,
       405,
       160,
       144,
       144,
       144,
       144,
       144,
       144,
       144,
       144,
       144,
       144,
       144,
       144,
       144,
       144,
       0,
       0,
       0,
       0,
       0,
       0,
       0,
       0,
       0,
       0],
      [144,
       144,
       144,
       144,
       144,
       144,
       144,
       144,
       144,
       144,
       144,
       168,
       576,
       577,
       385,
       386,
       387,
       385,
       386,
       386,
       387,
       385,
       386,
       387,
       385,
       160,
       144,
       144,
       144,
       144,
       144,
       144,
       144,
       144,
       144,
       144,
       144,
       144,
       144,
       144,
       0,
       0,
       0,
       0,
       0,
       0,
       0,
       0,
       0,
       0],
      [144,
       144,
       144,
       144,
       144,
       144,
       144,
       144,
       144,
       144,
       144,
       168,
       584,
       585,
       385,
       386,
       82,
       68,
       68,
       68,
       84,
       386,
       387,
       411,
       409,
       160,
       144,
       144,
       144,
       144,
       144,
       144,
       144,
       144,
       144,
       144,
       144,
       144,
       144,
       144,
       0,
       0,
       0,
       0,
       0,
       0,
       0,
       0,
       0,
       0],
      [144,
       144,
       144,
       144,
       144,
       144,
       144,
       144,
       144,
       144,
       144,
       168,
       91,
       93,
       393,
       394,
       64,
       48,
       48,
       48,
       72,
       394,
       395,
       403,
       401,
       160,
       144,
       144,
       144,
       144,
       144,
       144,
       144,
       144,
       144,
       144,
       144,
       144,
       144,
       144,
       0,
       0,
       0,
       0,
       0,
       0,
       0,
       0,
       0,
       0],
      [144,
       144,
       144,
       144,
       144,
       144,
       144,
       144,
       144,
       144,
       144,
       146,
       164,
       180,
       401,
       402,
       88,
       76,
       76,
       76,
       86,
       402,
       403,
       411,
       409,
       160,
       144,
       144,
       144,
       144,
       144,
       144,
       144,
       144,
       144,
       144,
       144,
       144,
       144,
       144,
       0,
       0,
       0,
       0,
       0,
       0,
       0,
       0,
       0,
       0],
      [144,
       144,
       144,
       144,
       144,
       144,
       144,
       144,
       144,
       144,
       144,
       144,
       144,
       168,
       409,
       410,
       411,
       409,
       410,
       411,
       409,
       410,
       411,
       411,
       409,
       160,
       144,
       144,
       144,
       144,
       144,
       144,
       144,
       144,
       144,
       144,
       144,
       144,
       144,
       144,
       0,
       0,
       0,
       0,
       0,
       0,
       0,
       0,
       0,
       0],
      [144,
       144,
       144,
       144,
       144,
       144,
       144,
       144,
       144,
       144,
       144,
       144,
       144,
       146,
       164,
       164,
       164,
       164,
       180,
       94,
       178,
       164,
       164,
       164,
       164,
       145,
       144,
       144,
       144,
       144,
       144,
       144,
       144,
       144,
       144,
       144,
       144,
       144,
       144,
       144,
       0,
       0,
       0,
       0,
       0,
       0,
       0,
       0,
       0,
       0],
      [144,
       144,
       144,
       144,
       144,
       144,
       144,
       144,
       144,
       144,
       144,
       144,
       144,
       144,
       144,
       144,
       144,
       144,
       146,
       164,
       145,
       144,
       144,
       144,
       144,
       144,
       144,
       144,
       144,
       144,
       144,
       144,
       144,
       144,
       144,
       144,
       144,
       144,
       144,
       144,
       0,
       0,
       0,
       0,
       0,
       0,
       0,
       0,
       0,
       0],
      [144,
       144,
       144,
       144,
       144,
       144,
       144,
       144,
       144,
       144,
       144,
       144,
       144,
       144,
       144,
       144,
       144,
       144,
       144,
       144,
       144,
       144,
       144,
       144,
       144,
       144,
       144,
       144,
       144,
       144,
       144,
       144,
       144,
       144,
       144,
       144,
       144,
       144,
       144,
       144,
       0,
       0,
       0,
       0,
       0,
       0,
       0,
       0,
       0,
       0],
      [144,
       144,
       144,
       144,
       144,
       144,
       144,
       144,
       144,
       144,
       144,
       144,
       144,
       144,
       144,
       144,
       144,
       144,
       144,
       144,
       144,
       144,
       144,
       144,
       144,
       144,
       144,
       144,
       144,
       144,
       144,
       144,
       144,
       144,
       144,
       144,
       144,
       144,
       144,
       144,
       0,
       0,
       0,
       0,
       0,
       0,
       0,
       0,
       0,
       0],
      [144,
       144,
       144,
       144,
       144,
       144,
       144,
       144,
       144,
       144,
       144,
       144,
       144,
       144,
       144,
       144,
       144,
       144,
       144,
       144,
       144,
       144,
       144,
       144,
       144,
       144,
       144,
       144,
       144,
       144,
       144,
       144,
       144,
       144,
       144,
       144,
       144,
       144,
       144,
       144,
       0,
       0,
       0,
       0,
       0,
       0,
       0,
       0,
       0,
       0],
      [144,
       144,
       144,
       144,
       144,
       144,
       144,
       144,
       144,
       144,
       144,
       144,
       144,
       144,
       144,
       144,
       144,
       144,
       144,
       144,
       144,
       144,
       144,
       144,
       144,
       144,
       144,
       144,
       144,
       144,
       144,
       144,
       144,
       144,
       144,
       144,
       144,
       144,
       144,
       144,
       0,
       0,
       0,
       0,
       0,
       0,
       0,
       0,
       0,
       0],
      [144,
       144,
       144,
       144,
       144,
       144,
       144,
       144,
       144,
       144,
       144,
       144,
       144,
       144,
       144,
       144,
       144,
       144,
       144,
       144,
       144,
       144,
       144,
       144,
       144,
       144,
       144,
       144,
       144,
       144,
       144,
       144,
       144,
       144,
       144,
       144,
       144,
       144,
       144,
       144,
       0,
       0,
       0,
       0,
       0,
       0,
       0,
       0,
       0,
       0],
      [144,
       144,
       144,
       144,
       144,
       144,
       144,
       144,
       144,
       144,
       144,
       144,
       144,
       144,
       144,
       144,
       144,
       144,
       144,
       144,
       144,
       144,
       144,
       144,
       144,
       144,
       144,
       144,
       144,
       144,
       144,
       144,
       144,
       144,
       144,
       144,
       144,
       144,
       144,
       144,
       0,
       0,
       0,
       0,
       0,
       0,
       0,
       0,
       0,
       0],
      [144,
       144,
       144,
       144,
       144,
       144,
       144,
       144,
       144,
       144,
       144,
       144,
       144,
       144,
       144,
       144,
       144,
       144,
       144,
       144,
       144,
       144,
       144,
       144,
       144,
       144,
       144,
       144,
       144,
       144,
       144,
       144,
       144,
       144,
       144,
       144,
       144,
       144,
       144,
       144,
       0,
       0,
       0,
       0,
       0,
       0,
       0,
       0,
       0,
       0]],
     [[0,
       0,
       0,
       0,
       0,
       0,
       0,
       0,
       0,
       0,
       0,
       0,
       0,
       0,
       0,
       0,
       0,
       0,
       0,
       0,
       0,
       0,
       0,
       0,
       0,
       0,
       0,
       0,
       0,
       0,
       0,
       0,
       0,
       0,
       0,
       0,
       0,
       0,
       0,
       0,
       0,
       0,
       0,
       0,
       0,
       0,
       0,
       0,
       0,
       0],
      [0,
       0,
       0,
       0,
       0,
       0,
       0,
       0,
       0,
       0,
       0,
       0,
       0,
       0,
       0,
       0,
       0,
       0,
       0,
       0,
       0,
       0,
       0,
       0,
       0,
       0,
       0,
       0,
       0,
       0,
       0,
       0,
       0,
       0,
       0,
       0,
       0,
       0,
       0,
       0,
       0,
       0,
       0,
       0,
       0,
       0,
       0,
       0,
       0,
       0],
      [0,
       0,
       0,
       0,
       0,
       0,
       0,
       0,
       0,
       0,
       0,
       0,
       0,
       0,
       0,
       0,
       0,
       0,
       0,
       0,
       0,
       0,
       0,
       0,
       0,
       0,
       0,
       0,
       0,
       0,
       0,
       0,
       0,
       0,
       0,
       0,
       0,
       0,
       0,
       0,
       0,
       0,
       0,
       0,
       0,
       0,
       0,
       0,
       0,
       0],
      [0,
       0,
       0,
       0,
       0,
       0,
       0,
       0,
       0,
       0,
       0,
       0,
       0,
       0,
       0,
       0,
       0,
       0,
       0,
       0,
       0,
       0,
       0,
       0,
       0,
       0,
       0,
       0,
       0,
       0,
       0,
       0,
       0,
       0,
       0,
       0,
       0,
       0,
       0,
       0,
       0,
       0,
       0,
       0,
       0,
       0,
       0,
       0,
       0,
       0],
      [0,
       0,
       0,
       0,
       0,
       0,
       0,
       0,
       0,
       0,
       0,
       0,
       0,
       0,
       0,
       0,
       0,
       0,
       0,
       0,
       0,
       0,
       0,
       0,
       0,
       0,
       0,
       0,
       0,
       0,
       0,
       0,
       0,
       0,
       0,
       0,
       0,
       0,
       0,
       0,
       0,
       0,
       0,
       0,
       0,
       0,
       0,
       0,
       0,
       0],
      [0,
       0,
       0,
       0,
       0,
       0,
       0,
       0,
       0,
       0,
       0,
       0,
       0,
       0,
       0,
       0,
       0,
       0,
       0,
       0,
       0,
       0,
       0,
       0,
       0,
       0,
       0,
       0,
       0,
       0,
       0,
       0,
       0,
       0,
       0,
       0,
       0,
       0,
       0,
       0,
       0,
       0,
       0,
       0,
       0,
       0,
       0,
       0,
       0,
       0],
      [0,
       0,
       0,
       0,
       0,
       0,
       0,
       0,
       0,
       0,
       0,
       0,
       0,
       0,
       0,
       0,
       0,
       0,
       0,
       0,
       0,
       0,
       0,
       0,
       0,
       0,
       0,
       0,
       0,
       0,
       0,
       0,
       0,
       0,
       0,
       0,
       0,
       0,
       0,
       0,
       0,
       0,
       0,
       0,
       0,
       0,
       0,
       0,
       0,
       0],
      [0,
       0,
       0,
       0,
       0,
       0,
       0,
       0,
       0,
       0,
       0,
       0,
       0,
       0,
       0,
       0,
       0,
       0,
       0,
       0,
       0,
       0,
       0,
       0,
       0,
       0,
       0,
       0,
       0,
       0,
       0,
       0,
       0,
       0,
       0,
       0,
       0,
       0,
       0,
       0,
       0,
       0,
       0,
       0,
       0,
       0,
       0,
       0,
       0,
       0],
      [0,
       0,
       0,
       0,
       0,
       0,
       0,
       0,
       0,
       0,
       0,
       0,
       0,
       0,
       0,
       0,
       0,
       0,
       0,
       0,
       0,
       0,
       0,
       0,
       0,
       0,
       0,
       0,
       0,
       0,
       0,
       0,
       0,
       0,
       0,
       0,
       0,
       0,
       0,
       0,
       0,
       0,
       0,
       0,
       0,
       0,
       0,
       0,
       0,
       0],
      [0,
       0,
       0,
       0,
       0,
       0,
       0,
       0,
       0,
       0,
       0,
       0,
       0,
       0,
       0,
       0,
       0,
       0,
       0,
       0,
       0,
       0,
       0,
       0,
       0,
       0,
       0,
       0,
       0,
       0,
       0,
       0,
       0,
       0,
       0,
       0,
       0,
       0,
       0,
       0,
       0,
       0,
       0,
       0,
       0,
       0,
       0,
       0,
       0,
       0],
      [0,
       0,
       0,
       0,
       0,
       0,
       0,
       0,
       0,
       0,
       0,
       0,
       0,
       0,
       0,
       0,
       0,
       0,
       0,
       0,
       0,
       0,
       0,
       0,
       0,
       0,
       0,
       0,
       0,
       0,
       0,
       0,
       0,
       0,
       0,
       0,
       0,
       0,
       0,
       0,
       0,
       0,
       0,
       0,
       0,
       0,
       0,
       0,
       0,
       0],
      [0,
       0,
       0,
       0,
       0,
       0,
       0,
       0,
       0,
       0,
       0,
       0,
       0,
       0,
       0,
       0,
       0,
       0,
       0,
       0,
       0,
       0,
       0,
       0,
       0,
       0,
       0,
       0,
       0,
       0,
       0,
       0,
       0,
       0,
       0,
       0,
       0,
       0,
       0,
       0,
       0,
       0,
       0,
       0,
       0,
       0,
       0,
       0,
       0,
       0],
      [0,
       0,
       0,
       0,
       0,
       0,
       0,
       0,
       0,
       0,
       0,
       0,
       0,
       0,
       0,
       0,
       0,
       0,
       0,
       0,
       0,
       0,
       0,
       0,
       0,
       0,
       0,
       0,
       0,
       0,
       0,
       0,
       0,
       0,
       0,
       0,
       0,
       0,
       0,
       0,
       0,
       0,
       0,
       0,
       0,
       0,
       0,
       0,
       0,
       0],
      [0,
       0,
       0,
       0,
       0,
       0,
       0,
       0,
       0,
       0,
       0,
       0,
       0,
       0,
       0,
       0,
       0,
       0,
       0,
       0,
       0,
       0,
       0,
       0,
       0,
       0,
       0,
       0,
       0,
       0,
       0,
       0,
       0,
       0,
       0,
       0,
       0,
       0,
       0,
       0,
       0,
       0,
       0,
       0,
       0,
       0,
       0,
       0,
       0,
       0],
      [0,
       0,
       0,
       0,
       0,
       0,
       0,
       0,
       0,
       0,
       0,
       0,
       0,
       0,
       0,
       0,
       0,
       0,
       0,
       579,
       580,
       0,
       0,
       0,
       0,
       0,
       0,
       0,
       0,
       0,
       0,
       0,
       0,
       0,
       0,
       0,
       0,
       0,
       0,
       0,
       0,
       0,
       0,
       0,
       0,
       0,
       0,
       0,
       0,
       0],
      [0,
       0,
       0,
       0,
       0,
       0,
       0,
       0,
       0,
       0,
       0,
       0,
       0,
       0,
       0,
       0,
       0,
       0,
       0,
       587,
       588,
       0,
       0,
       0,
       442,
       0,
       0,
       0,
       0,
       0,
       0,
       0,
       0,
       0,
       0,
       0,
       0,
       0,
       0,
       0,
       0,
       0,
       0,
       0,
       0,
       0,
       0,
       0,
       0,
       0],
      [0,
       0,
       0,
       0,
       0,
       0,
       0,
       0,
       0,
       0,
       0,
       0,
       0,
       0,
       0,
       0,
       0,
       0,
       0,
       595,
       596,
       0,
       0,
       0,
       450,
       0,
       0,
       0,
       0,
       0,
       0,
       0,
       0,
       0,
       0,
       0,
       0,
       0,
       0,
       0,
       0,
       0,
       0,
       0,
       0,
       0,
       0,
       0,
       0,
       0],
      [0,
       0,
       0,
       0,
       0,
       0,
       0,
       0,
       0,
       0,
       0,
       0,
       0,
       0,
       0,
       0,
       0,
       0,
       0,
       0,
       0,
       0,
       0,
       0,
       0,
       0,
       0,
       0,
       0,
       0,
       0,
       0,
       0,
       0,
       0,
       0,
       0,
       0,
       0,
       0,
       0,
       0,
       0,
       0,
       0,
       0,
       0,
       0,
       0,
       0],
      [0,
       0,
       0,
       0,
       0,
       0,
       0,
       0,
       0,
       0,
       0,
       0,
       0,
       0,
       0,
       0,
       0,
       0,
       0,
       0,
       0,
       0,
       0,
       0,
       0,
       0,
       0,
       0,
       0,
       0,
       0,
       0,
       0,
       0,
       0,
       0,
       0,
       0,
       0,
       0,
       0,
       0,
       0,
       0,
       0,
       0,
       0,
       0,
       0,
       0],
      [0,
       0,
       0,
       0,
       0,
       0,
       0,
       0,
       0,
       0,
       0,
       0,
       0,
       0,
       0,
       0,
       0,
       0,
       0,
       0,
       0,
       0,
       0,
       0,
       0,
       0,
       0,
       0,
       0,
       0,
       0,
       0,
       0,
       0,
       0,
       0,
       0,
       0,
       0,
       0,
       0,
       0,
       0,
       0,
       0,
       0,
       0,
       0,
       0,
       0],
      [0,
       0,
       0,
       0,
       0,
       0,
       0,
       0,
       0,
       0,
       0,
       0,
       0,
       0,
       475,
       476,
       477,
       0,
       0,
       0,
       475,
       476,
       476,
       476,
       477,
       0,
       0,
       0,
       0,
       0,
       0,
       0,
       0,
       0,
       0,
       0,
       0,
       0,
       0,
       0,
       0,
       0,
       0,
       0,
       0,
       0,
       0,
       0,
       0,
       0],
      [0,
       0,
       0,
       0,
       0,
       0,
       0,
       0,
       0,
       0,
       0,
       0,
       0,
       0,
       0,
       0,
       0,
       0,
       0,
       0,
       0,
       0,
       0,
       0,
       0,
       0,
       0,
       0,
       0,
       0,
       0,
       0,
       0,
       0,
       0,
       0,
       0,
       0,
       0,
       0,
       0,
       0,
       0,
       0,
       0,
       0,
       0,
       0,
       0,
       0],
      [0,
       0,
       0,
       0,
       0,
       0,
       0,
       0,
       0,
       0,
       0,
       0,
       0,
       0,
       0,
       0,
       0,
       0,
       0,
       0,
       0,
       0,
       0,
       0,
       0,
       0,
       0,
       0,
       0,
       0,
       0,
       0,
       0,
       0,
       0,
       0,
       0,
       0,
       0,
       0,
       0,
       0,
       0,
       0,
       0,
       0,
       0,
       0,
       0,
       0],
      [0,
       0,
       0,
       0,
       0,
       0,
       0,
       0,
       0,
       0,
       0,
       0,
       0,
       0,
       0,
       0,
       0,
       0,
       0,
       0,
       0,
       0,
       0,
       0,
       0,
       0,
       0,
       0,
       0,
       0,
       0,
       0,
       0,
       0,
       0,
       0,
       0,
       0,
       0,
       0,
       0,
       0,
       0,
       0,
       0,
       0,
       0,
       0,
       0,
       0],
      [0,
       0,
       0,
       0,
       0,
       0,
       0,
       0,
       0,
       0,
       0,
       0,
       0,
       0,
       0,
       0,
       0,
       0,
       0,
       0,
       0,
       0,
       0,
       0,
       0,
       0,
       0,
       0,
       0,
       0,
       0,
       0,
       0,
       0,
       0,
       0,
       0,
       0,
       0,
       0,
       0,
       0,
       0,
       0,
       0,
       0,
       0,
       0,
       0,
       0],
      [0,
       0,
       0,
       0,
       0,
       0,
       0,
       0,
       0,
       0,
       0,
       0,
       0,
       0,
       0,
       0,
       0,
       0,
       0,
       0,
       0,
       0,
       0,
       0,
       0,
       0,
       0,
       0,
       0,
       0,
       0,
       0,
       0,
       0,
       0,
       0,
       0,
       0,
       0,
       0,
       0,
       0,
       0,
       0,
       0,
       0,
       0,
       0,
       0,
       0],
      [0,
       0,
       0,
       0,
       0,
       0,
       0,
       0,
       0,
       0,
       0,
       0,
       0,
       0,
       0,
       0,
       0,
       0,
       0,
       0,
       0,
       0,
       0,
       0,
       0,
       0,
       0,
       0,
       0,
       0,
       0,
       0,
       0,
       0,
       0,
       0,
       0,
       0,
       0,
       0,
       0,
       0,
       0,
       0,
       0,
       0,
       0,
       0,
       0,
       0],
      [0,
       0,
       0,
       0,
       0,
       0,
       0,
       0,
       0,
       0,
       0,
       0,
       0,
       0,
       0,
       0,
       0,
       0,
       0,
       0,
       0,
       0,
       0,
       0,
       0,
       0,
       0,
       0,
       0,
       0,
       0,
       0,
       0,
       0,
       0,
       0,
       0,
       0,
       0,
       0,
       0,
       0,
       0,
       0,
       0,
       0,
       0,
       0,
       0,
       0],
      [0,
       0,
       0,
       0,
       0,
       0,
       0,
       0,
       0,
       0,
       0,
       0,
       0,
       0,
       0,
       0,
       0,
       0,
       0,
       0,
       0,
       0,
       0,
       0,
       0,
       0,
       0,
       0,
       0,
       0,
       0,
       0,
       0,
       0,
       0,
       0,
       0,
       0,
       0,
       0,
       0,
       0,
       0,
       0,
       0,
       0,
       0,
       0,
       0,
       0],
      [0,
       0,
       0,
       0,
       0,
       0,
       0,
       0,
       0,
       0,
       0,
       0,
       0,
       0,
       0,
       0,
       0,
       0,
       0,
       0,
       0,
       0,
       0,
       0,
       0,
       0,
       0,
       0,
       0,
       0,
       0,
       0,
       0,
       0,
       0,
       0,
       0,
       0,
       0,
       0,
       0,
       0,
       0,
       0,
       0,
       0,
       0,
       0,
       0,
       0]],
     [[0,
       0,
       0,
       0,
       0,
       0,
       0,
       0,
       0,
       0,
       0,
       0,
       0,
       0,
       0,
       0,
       0,
       0,
       0,
       0,
       0,
       0,
       0,
       0,
       0,
       0,
       0,
       0,
       0,
       0,
       0,
       0,
       0,
       0,
       0,
       0,
       0,
       0,
       0,
       0,
       0,
       0,
       0,
       0,
       0,
       0,
       0,
       0,
       0,
       0],
      [0,
       0,
       0,
       0,
       0,
       0,
       0,
       0,
       0,
       0,
       0,
       0,
       0,
       0,
       0,
       0,
       0,
       0,
       0,
       0,
       0,
       0,
       0,
       0,
       0,
       0,
       0,
       0,
       0,
       0,
       0,
       0,
       0,
       0,
       0,
       0,
       0,
       0,
       0,
       0,
       0,
       0,
       0,
       0,
       0,
       0,
       0,
       0,
       0,
       0],
      [0,
       0,
       0,
       0,
       0,
       0,
       0,
       0,
       0,
       0,
       0,
       0,
       0,
       0,
       0,
       0,
       0,
       0,
       0,
       0,
       0,
       0,
       0,
       0,
       0,
       0,
       0,
       0,
       0,
       0,
       0,
       0,
       0,
       0,
       0,
       0,
       0,
       0,
       0,
       0,
       0,
       0,
       0,
       0,
       0,
       0,
       0,
       0,
       0,
       0],
      [0,
       0,
       0,
       0,
       0,
       0,
       0,
       0,
       0,
       0,
       0,
       0,
       0,
       0,
       0,
       0,
       0,
       0,
       0,
       0,
       0,
       0,
       0,
       0,
       0,
       0,
       0,
       0,
       0,
       0,
       0,
       0,
       0,
       0,
       0,
       0,
       0,
       0,
       0,
       0,
       0,
       0,
       0,
       0,
       0,
       0,
       0,
       0,
       0,
       0],
      [0,
       0,
       0,
       0,
       0,
       0,
       0,
       0,
       0,
       0,
       0,
       0,
       0,
       0,
       0,
       0,
       0,
       0,
       0,
       0,
       0,
       0,
       0,
       0,
       0,
       0,
       0,
       0,
       0,
       0,
       0,
       0,
       0,
       0,
       0,
       0,
       0,
       0,
       0,
       0,
       0,
       0,
       0,
       0,
       0,
       0,
       0,
       0,
       0,
       0],
      [0,
       0,
       0,
       0,
       0,
       0,
       0,
       0,
       0,
       0,
       0,
       0,
       0,
       0,
       0,
       0,
       0,
       0,
       0,
       0,
       0,
       0,
       0,
       0,
       0,
       0,
       0,
       0,
       0,
       0,
       0,
       0,
       0,
       0,
       0,
       0,
       0,
       0,
       0,
       0,
       0,
       0,
       0,
       0,
       0,
       0,
       0,
       0,
       0,
       0],
      [0,
       0,
       0,
       0,
       0,
       0,
       0,
       0,
       0,
       0,
       0,
       0,
       0,
       0,
       0,
       0,
       0,
       0,
       0,
       0,
       0,
       0,
       0,
       0,
       0,
       0,
       0,
       0,
       0,
       0,
       0,
       0,
       0,
       0,
       0,
       0,
       0,
       0,
       0,
       0,
       0,
       0,
       0,
       0,
       0,
       0,
       0,
       0,
       0,
       0],
      [0,
       0,
       0,
       0,
       0,
       0,
       0,
       0,
       0,
       0,
       0,
       0,
       0,
       0,
       0,
       0,
       0,
       0,
       0,
       0,
       0,
       0,
       0,
       0,
       0,
       0,
       0,
       0,
       0,
       0,
       0,
       0,
       0,
       0,
       0,
       0,
       0,
       0,
       0,
       0,
       0,
       0,
       0,
       0,
       0,
       0,
       0,
       0,
       0,
       0],
      [0,
       0,
       0,
       0,
       0,
       0,
       0,
       0,
       0,
       0,
       0,
       0,
       0,
       0,
       0,
       0,
       0,
       0,
       0,
       0,
       0,
       0,
       0,
       0,
       0,
       0,
       0,
       0,
       0,
       0,
       0,
       0,
       0,
       0,
       0,
       0,
       0,
       0,
       0,
       0,
       0,
       0,
       0,
       0,
       0,
       0,
       0,
       0,
       0,
       0],
      [0,
       0,
       0,
       0,
       0,
       0,
       0,
       0,
       0,
       0,
       0,
       0,
       0,
       0,
       0,
       0,
       0,
       0,
       0,
       0,
       0,
       0,
       0,
       0,
       0,
       0,
       0,
       0,
       0,
       0,
       0,
       0,
       0,
       0,
       0,
       0,
       0,
       0,
       0,
       0,
       0,
       0,
       0,
       0,
       0,
       0,
       0,
       0,
       0,
       0],
      [0,
       0,
       0,
       0,
       0,
       0,
       0,
       0,
       0,
       0,
       0,
       0,
       0,
       0,
       0,
       0,
       0,
       0,
       0,
       0,
       0,
       0,
       0,
       0,
       0,
       0,
       0,
       0,
       0,
       0,
       0,
       0,
       0,
       0,
       0,
       0,
       0,
       0,
       0,
       0,
       0,
       0,
       0,
       0,
       0,
       0,
       0,
       0,
       0,
       0],
      [0,
       0,
       0,
       0,
       0,
       0,
       0,
       0,
       0,
       0,
       0,
       0,
       0,
       0,
       0,
       0,
       0,
       0,
       0,
       0,
       0,
       0,
       0,
       0,
       0,
       0,
       0,
       0,
       0,
       0,
       0,
       0,
       0,
       0,
       0,
       0,
       0,
       0,
       0,
       0,
       0,
       0,
       0,
       0,
       0,
       0,
       0,
       0,
       0,
       0],
      [0,
       0,
       0,
       0,
       0,
       0,
       0,
       0,
       0,
       0,
       0,
       0,
       0,
       0,
       0,
       0,
       0,
       0,
       0,
       0,
       0,
       0,
       0,
       0,
       0,
       0,
       0,
       0,
       0,
       0,
       0,
       0,
       0,
       0,
       0,
       0,
       0,
       0,
       0,
       0,
       0,
       0,
       0,
       0,
       0,
       0,
       0,
       0,
       0,
       0],
      [0,
       0,
       0,
       0,
       0,
       0,
       0,
       0,
       0,
       0,
       0,
       0,
       0,
       0,
       0,
       0,
       0,
       0,
       0,
       0,
       0,
       0,
       0,
       0,
       0,
       0,
       0,
       0,
       0,
       0,
       0,
       0,
       0,
       0,
       0,
       0,
       0,
       0,
       0,
       0,
       0,
       0,
       0,
       0,
       0,
       0,
       0,
       0,
       0,
       0],
      [0,
       0,
       0,
       0,
       0,
       0,
       0,
       0,
       0,
       0,
       0,
       0,
       0,
       0,
       0,
       0,
       0,
       0,
       0,
       0,
       0,
       0,
       0,
       0,
       0,
       0,
       0,
       0,
       0,
       0,
       0,
       0,
       0,
       0,
       0,
       0,
       0,
       0,
       0,
       0,
       0,
       0,
       0,
       0,
       0,
       0,
       0,
       0,
       0,
       0],
      [0,
       0,
       0,
       0,
       0,
       0,
       0,
       0,
       0,
       0,
       0,
       0,
       0,
       0,
       0,
       0,
       0,
       0,
       0,
       0,
       0,
       0,
       0,
       0,
       0,
       0,
       0,
       0,
       0,
       0,
       0,
       0,
       0,
       0,
       0,
       0,
       0,
       0,
       0,
       0,
       0,
       0,
       0,
       0,
       0,
       0,
       0,
       0,
       0,
       0],
      [0,
       0,
       0,
       0,
       0,
       0,
       0,
       0,
       0,
       0,
       0,
       0,
       0,
       0,
       0,
       0,
       0,
       0,
       0,
       0,
       0,
       0,
       0,
       0,
       0,
       0,
       0,
       0,
       0,
       0,
       0,
       0,
       0,
       0,
       0,
       0,
       0,
       0,
       0,
       0,
       0,
       0,
       0,
       0,
       0,
       0,
       0,
       0,
       0,
       0],
      [0,
       0,
       0,
       0,
       0,
       0,
       0,
       0,
       0,
       0,
       0,
       0,
       0,
       0,
       0,
       0,
       0,
       0,
       0,
       0,
       0,
       0,
       0,
       0,
       0,
       0,
       0,
       0,
       0,
       0,
       0,
       0,
       0,
       0,
       0,
       0,
       0,
       0,
       0,
       0,
       0,
       0,
       0,
       0,
       0,
       0,
       0,
       0,
       0,
       0],
      [0,
       0,
       0,
       0,
       0,
       0,
       0,
       0,
       0,
       0,
       0,
       0,
       0,
       0,
       0,
       0,
       0,
       0,
       0,
       0,
       0,
       0,
       0,
       0,
       0,
       0,
       0,
       0,
       0,
       0,
       0,
       0,
       0,
       0,
       0,
       0,
       0,
       0,
       0,
       0,
       0,
       0,
       0,
       0,
       0,
       0,
       0,
       0,
       0,
       0],
      [0,
       0,
       0,
       0,
       0,
       0,
       0,
       0,
       0,
       0,
       0,
       0,
       0,
       0,
       0,
       0,
       0,
       0,
       0,
       0,
       0,
       0,
       0,
       0,
       0,
       0,
       0,
       0,
       0,
       0,
       0,
       0,
       0,
       0,
       0,
       0,
       0,
       0,
       0,
       0,
       0,
       0,
       0,
       0,
       0,
       0,
       0,
       0,
       0,
       0],
      [0,
       0,
       0,
       0,
       0,
       0,
       0,
       0,
       0,
       0,
       0,
       0,
       0,
       0,
       0,
       0,
       0,
       0,
       0,
       0,
       0,
       0,
       0,
       0,
       0,
       0,
       0,
       0,
       0,
       0,
       0,
       0,
       0,
       0,
       0,
       0,
       0,
       0,
       0,
       0,
       0,
       0,
       0,
       0,
       0,
       0,
       0,
       0,
       0,
       0],
      [0,
       0,
       0,
       0,
       0,
       0,
       0,
       0,
       0,
       0,
       0,
       0,
       0,
       0,
       0,
       0,
       0,
       0,
       0,
       0,
       0,
       0,
       0,
       0,
       0,
       0,
       0,
       0,
       0,
       0,
       0,
       0,
       0,
       0,
       0,
       0,
       0,
       0,
       0,
       0,
       0,
       0,
       0,
       0,
       0,
       0,
       0,
       0,
       0,
       0],
      [0,
       0,
       0,
       0,
       0,
       0,
       0,
       0,
       0,
       0,
       0,
       0,
       0,
       0,
       0,
       0,
       0,
       0,
       0,
       0,
       0,
       0,
       0,
       0,
       0,
       0,
       0,
       0,
       0,
       0,
       0,
       0,
       0,
       0,
       0,
       0,
       0,
       0,
       0,
       0,
       0,
       0,
       0,
       0,
       0,
       0,
       0,
       0,
       0,
       0],
      [0,
       0,
       0,
       0,
       0,
       0,
       0,
       0,
       0,
       0,
       0,
       0,
       0,
       0,
       0,
       0,
       0,
       0,
       0,
       0,
       0,
       0,
       0,
       0,
       0,
       0,
       0,
       0,
       0,
       0,
       0,
       0,
       0,
       0,
       0,
       0,
       0,
       0,
       0,
       0,
       0,
       0,
       0,
       0,
       0,
       0,
       0,
       0,
       0,
       0],
      [0,
       0,
       0,
       0,
       0,
       0,
       0,
       0,
       0,
       0,
       0,
       0,
       0,
       0,
       0,
       0,
       0,
       0,
       0,
       0,
       0,
       0,
       0,
       0,
       0,
       0,
       0,
       0,
       0,
       0,
       0,
       0,
       0,
       0,
       0,
       0,
       0,
       0,
       0,
       0,
       0,
       0,
       0,
       0,
       0,
       0,
       0,
       0,
       0,
       0],
      [0,
       0,
       0,
       0,
       0,
       0,
       0,
       0,
       0,
       0,
       0,
       0,
       0,
       0,
       0,
       0,
       0,
       0,
       0,
       0,
       0,
       0,
       0,
       0,
       0,
       0,
       0,
       0,
       0,
       0,
       0,
       0,
       0,
       0,
       0,
       0,
       0,
       0,
       0,
       0,
       0,
       0,
       0,
       0,
       0,
       0,
       0,
       0,
       0,
       0],
      [0,
       0,
       0,
       0,
       0,
       0,
       0,
       0,
       0,
       0,
       0,
       0,
       0,
       0,
       0,
       0,
       0,
       0,
       0,
       0,
       0,
       0,
       0,
       0,
       0,
       0,
       0,
       0,
       0,
       0,
       0,
       0,
       0,
       0,
       0,
       0,
       0,
       0,
       0,
       0,
       0,
       0,
       0,
       0,
       0,
       0,
       0,
       0,
       0,
       0],
      [0,
       0,
       0,
       0,
       0,
       0,
       0,
       0,
       0,
       0,
       0,
       0,
       0,
       0,
       0,
       0,
       0,
       0,
       0,
       0,
       0,
       0,
       0,
       0,
       0,
       0,
       0,
       0,
       0,
       0,
       0,
       0,
       0,
       0,
       0,
       0,
       0,
       0,
       0,
       0,
       0,
       0,
       0,
       0,
       0,
       0,
       0,
       0,
       0,
       0],
      [0,
       0,
       0,
       0,
       0,
       0,
       0,
       0,
       0,
       0,
       0,
       0,
       0,
       0,
       0,
       0,
       0,
       0,
       0,
       0,
       0,
       0,
       0,
       0,
       0,
       0,
       0,
       0,
       0,
       0,
       0,
       0,
       0,
       0,
       0,
       0,
       0,
       0,
       0,
       0,
       0,
       0,
       0,
       0,
       0,
       0,
       0,
       0,
       0,
       0],
      [0,
       0,
       0,
       0,
       0,
       0,
       0,
       0,
       0,
       0,
       0,
       0,
       0,
       0,
       0,
       0,
       0,
       0,
       0,
       0,
       0,
       0,
       0,
       0,
       0,
       0,
       0,
       0,
       0,
       0,
       0,
       0,
       0,
       0,
       0,
       0,
       0,
       0,
       0,
       0,
       0,
       0,
       0,
       0,
       0,
       0,
       0,
       0,
       0,
       0]]],
   @num_of_dimensions=3,
   @num_of_elements=4500,
   @xsize=50,
   @ysize=30,
   @zsize=3>,
 @encounter_list=[],
 @encounter_step=30,
 @events=
  {16=>
    #<RPG::Event:0x00000000063dc790
     @id=16,
     @name="window light",
     @pages=
      [#<RPG::Event::Page:0x00000000063dc6c8
        @always_on_top=false,
        @condition=
         #<RPG::Event::Page::Condition:0x000000000649fdd0
          @self_switch_ch="A",
          @self_switch_valid=false,
          @switch1_id=1,
          @switch1_valid=false,
          @switch2_id=1,
          @switch2_valid=false,
          @variable_id=1,
          @variable_valid=false,
          @variable_value=0>,
        @direction_fix=false,
        @graphic=
         #<RPG::Event::Page::Graphic:0x000000000649f290
          @blend_type=0,
          @character_hue=0,
          @character_name="",
          @direction=2,
          @opacity=255,
          @pattern=0,
          @tile_id=0>,
        @list=
         [#<RPG::EventCommand:0x00000000063dc538
           @code=355,
           @indent=0,
           @parameters=["add_light :window, "]>,
          #<RPG::EventCommand:0x00000000063dc1a0
           @code=655,
           @indent=0,
           @parameters=["'start_window', 2.0, 680, 370"]>,
          #<RPG::EventCommand:0x00000000063dc088
           @code=116,
           @indent=0,
           @parameters=[]>,
          #<RPG::EventCommand:0x00000000063dc010
           @code=0,
           @indent=0,
           @parameters=[]>],
        @move_frequency=3,
        @move_route=
         #<RPG::MoveRoute:0x000000000649f790
          @list=
           [#<RPG::MoveCommand:0x000000000649f718 @code=0, @parameters=[]>],
          @repeat=true,
          @skippable=false>,
        @move_speed=3,
        @move_type=0,
        @step_anime=false,
        @through=false,
        @trigger=4,
        @walk_anime=true>],
     @x=22,
     @y=14>,
   5=>
    #<RPG::Event:0x000000000649ea70
     @id=5,
     @name="EV005",
     @pages=
      [#<RPG::Event::Page:0x000000000649ea20
        @always_on_top=false,
        @condition=
         #<RPG::Event::Page::Condition:0x000000000649e958
          @self_switch_ch="A",
          @self_switch_valid=false,
          @switch1_id=1,
          @switch1_valid=false,
          @switch2_id=1,
          @switch2_valid=false,
          @variable_id=1,
          @variable_valid=false,
          @variable_value=0>,
        @direction_fix=false,
        @graphic=
         #<RPG::Event::Page::Graphic:0x000000000649e7f0
          @blend_type=0,
          @character_hue=0,
          @character_name="",
          @direction=2,
          @opacity=255,
          @pattern=0,
          @tile_id=0>,
        @list=
         [#<RPG::EventCommand:0x000000000649e9d0
           @code=0,
           @indent=0,
           @parameters=[]>],
        @move_frequency=3,
        @move_route=
         #<RPG::MoveRoute:0x000000000649e8b8
          @list=
           [#<RPG::MoveCommand:0x000000000649e868 @code=0, @parameters=[]>],
          @repeat=true,
          @skippable=false>,
        @move_speed=3,
        @move_type=0,
        @step_anime=false,
        @through=false,
        @trigger=0,
        @walk_anime=true>],
     @x=14,
     @y=15>,
   11=>
    #<RPG::Event:0x000000000649e728
     @id=11,
     @name="EV011",
     @pages=
      [#<RPG::Event::Page:0x000000000649e6b0
        @always_on_top=false,
        @condition=
         #<RPG::Event::Page::Condition:0x000000000649e390
          @self_switch_ch="A",
          @self_switch_valid=false,
          @switch1_id=1,
          @switch1_valid=false,
          @switch2_id=1,
          @switch2_valid=false,
          @variable_id=1,
          @variable_valid=false,
          @variable_value=0>,
        @direction_fix=true,
        @graphic=
         #<RPG::Event::Page::Graphic:0x000000000649e250
          @blend_type=0,
          @character_hue=0,
          @character_name="keys",
          @direction=4,
          @opacity=255,
          @pattern=0,
          @tile_id=0>,
        @list=
         [#<RPG::EventCommand:0x000000000649e660
           @code=101,
           @indent=0,
           @parameters=["@ed [It's a plant.]"]>,
          #<RPG::EventCommand:0x000000000649e5c0
           @code=101,
           @indent=0,
           @parameters=["@ed [It looks ornate.]"]>,
          #<RPG::EventCommand:0x000000000649e520
           @code=101,
           @indent=0,
           @parameters=["@ed [Niko leaves it.]"]>,
          #<RPG::EventCommand:0x000000000649e480
           @code=122,
           @indent=0,
           @parameters=[299, 299, 1, 0, 1]>,
          #<RPG::EventCommand:0x000000000649e408
           @code=0,
           @indent=0,
           @parameters=[]>],
        @move_frequency=3,
        @move_route=
         #<RPG::MoveRoute:0x000000000649e318
          @list=
           [#<RPG::MoveCommand:0x000000000649e2a0 @code=0, @parameters=[]>],
          @repeat=true,
          @skippable=false>,
        @move_speed=3,
        @move_type=0,
        @step_anime=false,
        @through=false,
        @trigger=0,
        @walk_anime=true>,
       #<RPG::Event::Page:0x000000000649e1b0
        @always_on_top=false,
        @condition=
         #<RPG::Event::Page::Condition:0x000000000649df08
          @self_switch_ch="A",
          @self_switch_valid=false,
          @switch1_id=1,
          @switch1_valid=false,
          @switch2_id=1,
          @switch2_valid=false,
          @variable_id=299,
          @variable_valid=true,
          @variable_value=1>,
        @direction_fix=true,
        @graphic=
         #<RPG::Event::Page::Graphic:0x000000000649dda0
          @blend_type=0,
          @character_hue=0,
          @character_name="keys",
          @direction=4,
          @opacity=255,
          @pattern=0,
          @tile_id=0>,
        @list=
         [#<RPG::EventCommand:0x000000000649e160
           @code=101,
           @indent=0,
           @parameters=["@ed [It's just a plant.]"]>,
          #<RPG::EventCommand:0x000000000649e098
           @code=101,
           @indent=0,
           @parameters=["@ed [It's unlike anything Niko has ever seen.]"]>,
          #<RPG::EventCommand:0x000000000649dfd0
           @code=122,
           @indent=0,
           @parameters=[299, 299, 1, 0, 1]>,
          #<RPG::EventCommand:0x000000000649df80
           @code=0,
           @indent=0,
           @parameters=[]>],
        @move_frequency=3,
        @move_route=
         #<RPG::MoveRoute:0x000000000649de90
          @list=
           [#<RPG::MoveCommand:0x000000000649de18 @code=0, @parameters=[]>],
          @repeat=true,
          @skippable=false>,
        @move_speed=3,
        @move_type=0,
        @step_anime=false,
        @through=false,
        @trigger=0,
        @walk_anime=true>,
       #<RPG::Event::Page:0x000000000649dd28
        @always_on_top=false,
        @condition=
         #<RPG::Event::Page::Condition:0x000000000649db20
          @self_switch_ch="A",
          @self_switch_valid=false,
          @switch1_id=1,
          @switch1_valid=false,
          @switch2_id=1,
          @switch2_valid=false,
          @variable_id=299,
          @variable_valid=true,
          @variable_value=2>,
        @direction_fix=true,
        @graphic=
         #<RPG::Event::Page::Graphic:0x000000000649d9e0
          @blend_type=0,
          @character_hue=0,
          @character_name="keys",
          @direction=4,
          @opacity=255,
          @pattern=0,
          @tile_id=0>,
        @list=
         [#<RPG::EventCommand:0x000000000649dcb0
           @code=101,
           @indent=0,
           @parameters=["@ed [It's just a plant.]"]>,
          #<RPG::EventCommand:0x000000000649dc10
           @code=122,
           @indent=0,
           @parameters=[299, 299, 1, 0, 1]>,
          #<RPG::EventCommand:0x000000000649db98
           @code=0,
           @indent=0,
           @parameters=[]>],
        @move_frequency=3,
        @move_route=
         #<RPG::MoveRoute:0x000000000649daa8
          @list=
           [#<RPG::MoveCommand:0x000000000649da58 @code=0, @parameters=[]>],
          @repeat=true,
          @skippable=false>,
        @move_speed=3,
        @move_type=0,
        @step_anime=false,
        @through=false,
        @trigger=0,
        @walk_anime=true>,
       #<RPG::Event::Page:0x000000000649d940
        @always_on_top=false,
        @condition=
         #<RPG::Event::Page::Condition:0x000000000649d738
          @self_switch_ch="A",
          @self_switch_valid=false,
          @switch1_id=1,
          @switch1_valid=false,
          @switch2_id=1,
          @switch2_valid=false,
          @variable_id=299,
          @variable_valid=true,
          @variable_value=5>,
        @direction_fix=true,
        @graphic=
         #<RPG::Event::Page::Graphic:0x000000000649d5f8
          @blend_type=0,
          @character_hue=0,
          @character_name="keys",
          @direction=4,
          @opacity=255,
          @pattern=0,
          @tile_id=0>,
        @list=
         [#<RPG::EventCommand:0x000000000649d8f0
           @code=101,
           @indent=0,
           @parameters=["@ed [You are testing my patience.]"]>,
          #<RPG::EventCommand:0x000000000649d828
           @code=122,
           @indent=0,
           @parameters=[299, 299, 1, 0, 1]>,
          #<RPG::EventCommand:0x000000000649d7b0
           @code=0,
           @indent=0,
           @parameters=[]>],
        @move_frequency=3,
        @move_route=
         #<RPG::MoveRoute:0x000000000649d6c0
          @list=
           [#<RPG::MoveCommand:0x000000000649d670 @code=0, @parameters=[]>],
          @repeat=true,
          @skippable=false>,
        @move_speed=3,
        @move_type=0,
        @step_anime=false,
        @through=false,
        @trigger=0,
        @walk_anime=true>,
       #<RPG::Event::Page:0x000000000649d558
        @always_on_top=false,
        @condition=
         #<RPG::Event::Page::Condition:0x000000000649d378
          @self_switch_ch="A",
          @self_switch_valid=false,
          @switch1_id=1,
          @switch1_valid=false,
          @switch2_id=1,
          @switch2_valid=false,
          @variable_id=299,
          @variable_valid=true,
          @variable_value=6>,
        @direction_fix=true,
        @graphic=
         #<RPG::Event::Page::Graphic:0x000000000649d210
          @blend_type=0,
          @character_hue=0,
          @character_name="",
          @direction=2,
          @opacity=255,
          @pattern=0,
          @tile_id=0>,
        @list=
         [#<RPG::EventCommand:0x000000000649d4e0
           @code=101,
           @indent=0,
           @parameters=["@ed [...]"]>,
          #<RPG::EventCommand:0x000000000649d468
           @code=122,
           @indent=0,
           @parameters=[299, 299, 1, 0, 1]>,
          #<RPG::EventCommand:0x000000000649d3f0
           @code=0,
           @indent=0,
           @parameters=[]>],
        @move_frequency=3,
        @move_route=
         #<RPG::MoveRoute:0x000000000649d2d8
          @list=
           [#<RPG::MoveCommand:0x000000000649d288 @code=0, @parameters=[]>],
          @repeat=true,
          @skippable=false>,
        @move_speed=3,
        @move_type=0,
        @step_anime=false,
        @through=false,
        @trigger=0,
        @walk_anime=true>,
       #<RPG::Event::Page:0x000000000649d170
        @always_on_top=false,
        @condition=
         #<RPG::Event::Page::Condition:0x000000000649cd88
          @self_switch_ch="A",
          @self_switch_valid=false,
          @switch1_id=1,
          @switch1_valid=false,
          @switch2_id=1,
          @switch2_valid=false,
          @variable_id=299,
          @variable_valid=true,
          @variable_value=30>,
        @direction_fix=true,
        @graphic=
         #<RPG::Event::Page::Graphic:0x000000000649cc20
          @blend_type=0,
          @character_hue=0,
          @character_name="",
          @direction=2,
          @opacity=255,
          @pattern=0,
          @tile_id=0>,
        @list=
         [#<RPG::EventCommand:0x000000000649d120
           @code=101,
           @indent=0,
           @parameters=
            ["@ed [What do you think this is going to accomplish?]"]>,
          #<RPG::EventCommand:0x000000000649d058
           @code=101,
           @indent=0,
           @parameters=["@ed [You want an awa...]"]>,
          #<RPG::EventCommand:0x000000000649cfb8
           @code=101,
           @indent=0,
           @parameters=["@ed [Oh.]"]>,
          #<RPG::EventCommand:0x000000000649cf18
           @code=101,
           @indent=0,
           @parameters=["@ed [Nevermind.]"]>,
          #<RPG::EventCommand:0x000000000649ce78
           @code=122,
           @indent=0,
           @parameters=[299, 299, 1, 0, 1]>,
          #<RPG::EventCommand:0x000000000649ce00
           @code=0,
           @indent=0,
           @parameters=[]>],
        @move_frequency=3,
        @move_route=
         #<RPG::MoveRoute:0x000000000649cd10
          @list=
           [#<RPG::MoveCommand:0x000000000649cc98 @code=0, @parameters=[]>],
          @repeat=true,
          @skippable=false>,
        @move_speed=3,
        @move_type=0,
        @step_anime=false,
        @through=false,
        @trigger=0,
        @walk_anime=true>,
       #<RPG::Event::Page:0x000000000649cba8
        @always_on_top=false,
        @condition=
         #<RPG::Event::Page::Condition:0x000000000649c9f0
          @self_switch_ch="A",
          @self_switch_valid=false,
          @switch1_id=1,
          @switch1_valid=false,
          @switch2_id=1,
          @switch2_valid=false,
          @variable_id=299,
          @variable_valid=true,
          @variable_value=31>,
        @direction_fix=true,
        @graphic=
         #<RPG::Event::Page::Graphic:0x000000000649c888
          @blend_type=0,
          @character_hue=0,
          @character_name="",
          @direction=2,
          @opacity=255,
          @pattern=0,
          @tile_id=0>,
        @list=
         [#<RPG::EventCommand:0x000000000649cb30
           @code=101,
           @indent=0,
           @parameters=["@ed [I'm not saying anything else.]"]>,
          #<RPG::EventCommand:0x000000000649ca68
           @code=0,
           @indent=0,
           @parameters=[]>],
        @move_frequency=3,
        @move_route=
         #<RPG::MoveRoute:0x000000000649c978
          @list=
           [#<RPG::MoveCommand:0x000000000649c900 @code=0, @parameters=[]>],
          @repeat=true,
          @skippable=false>,
        @move_speed=3,
        @move_type=0,
        @step_anime=false,
        @through=false,
        @trigger=0,
        @walk_anime=true>],
     @x=24,
     @y=16>,
   6=>
    #<RPG::Event:0x000000000649c7c0
     @id=6,
     @name="EV006",
     @pages=
      [#<RPG::Event::Page:0x000000000649c748
        @always_on_top=false,
        @condition=
         #<RPG::Event::Page::Condition:0x000000000649c5b8
          @self_switch_ch="A",
          @self_switch_valid=false,
          @switch1_id=1,
          @switch1_valid=false,
          @switch2_id=1,
          @switch2_valid=false,
          @variable_id=1,
          @variable_valid=false,
          @variable_value=0>,
        @direction_fix=false,
        @graphic=
         #<RPG::Event::Page::Graphic:0x000000000649c450
          @blend_type=0,
          @character_hue=0,
          @character_name="",
          @direction=2,
          @opacity=255,
          @pattern=0,
          @tile_id=0>,
        @list=
         [#<RPG::EventCommand:0x000000000649c6f8
           @code=101,
           @indent=0,
           @parameters=["@niko It's fairly comfy."]>,
          #<RPG::EventCommand:0x000000000649c630
           @code=0,
           @indent=0,
           @parameters=[]>],
        @move_frequency=3,
        @move_route=
         #<RPG::MoveRoute:0x000000000649c540
          @list=
           [#<RPG::MoveCommand:0x000000000649c4c8 @code=0, @parameters=[]>],
          @repeat=true,
          @skippable=false>,
        @move_speed=3,
        @move_type=0,
        @step_anime=false,
        @through=false,
        @trigger=0,
        @walk_anime=true>],
     @x=15,
     @y=15>,
   12=>
    #<RPG::Event:0x000000000649c360
     @id=12,
     @name="window",
     @pages=
      [#<RPG::Event::Page:0x000000000649c310
        @always_on_top=false,
        @condition=
         #<RPG::Event::Page::Condition:0x000000000649c090
          @self_switch_ch="A",
          @self_switch_valid=false,
          @switch1_id=1,
          @switch1_valid=false,
          @switch2_id=1,
          @switch2_valid=false,
          @variable_id=1,
          @variable_valid=false,
          @variable_value=0>,
        @direction_fix=false,
        @graphic=
         #<RPG::Event::Page::Graphic:0x00000000063d7ba0
          @blend_type=0,
          @character_hue=0,
          @character_name="",
          @direction=2,
          @opacity=255,
          @pattern=0,
          @tile_id=0>,
        @list=
         [#<RPG::EventCommand:0x000000000649c298
           @code=101,
           @indent=0,
           @parameters=
            ["@ed [A soft, blue light trickles through the window.]"]>,
          #<RPG::EventCommand:0x000000000649c1d0
           @code=101,
           @indent=0,
           @parameters=["@ed [Niko wonders where it comes from.]"]>,
          #<RPG::EventCommand:0x000000000649c108
           @code=0,
           @indent=0,
           @parameters=[]>],
        @move_frequency=3,
        @move_route=
         #<RPG::MoveRoute:0x00000000063d7ec0
          @list=
           [#<RPG::MoveCommand:0x00000000063d7e70 @code=0, @parameters=[]>],
          @repeat=true,
          @skippable=false>,
        @move_speed=3,
        @move_type=0,
        @step_anime=false,
        @through=false,
        @trigger=0,
        @walk_anime=true>],
     @x=22,
     @y=15>,
   1=>
    #<RPG::Event:0x00000000063d7740
     @id=1,
     @name="EV001",
     @pages=
      [#<RPG::Event::Page:0x00000000063d73a8
        @always_on_top=false,
        @condition=
         #<RPG::Event::Page::Condition:0x00000000063d7038
          @self_switch_ch="A",
          @self_switch_valid=false,
          @switch1_id=1,
          @switch1_valid=false,
          @switch2_id=1,
          @switch2_valid=false,
          @variable_id=1,
          @variable_valid=false,
          @variable_value=0>,
        @direction_fix=false,
        @graphic=
         #<RPG::Event::Page::Graphic:0x00000000063d69d0
          @blend_type=0,
          @character_hue=0,
          @character_name="",
          @direction=2,
          @opacity=255,
          @pattern=0,
          @tile_id=0>,
        @list=
         [#<RPG::EventCommand:0x00000000063d7268
           @code=101,
           @indent=0,
           @parameters=["@niko It's fairly comfy."]>,
          #<RPG::EventCommand:0x00000000063d70b0
           @code=0,
           @indent=0,
           @parameters=[]>],
        @move_frequency=3,
        @move_route=
         #<RPG::MoveRoute:0x00000000063d6bb0
          @list=
           [#<RPG::MoveCommand:0x00000000063d6b38 @code=0, @parameters=[]>],
          @repeat=true,
          @skippable=false>,
        @move_speed=3,
        @move_type=0,
        @step_anime=false,
        @through=false,
        @trigger=0,
        @walk_anime=true>,
       #<RPG::Event::Page:0x00000000063d68e0
        @always_on_top=false,
        @condition=
         #<RPG::Event::Page::Condition:0x00000000063d6570
          @self_switch_ch="A",
          @self_switch_valid=false,
          @switch1_id=2,
          @switch1_valid=false,
          @switch2_id=1,
          @switch2_valid=false,
          @variable_id=3,
          @variable_valid=true,
          @variable_value=2>,
        @direction_fix=false,
        @graphic=
         #<RPG::Event::Page::Graphic:0x00000000063d6368
          @blend_type=0,
          @character_hue=0,
          @character_name="",
          @direction=4,
          @opacity=255,
          @pattern=3,
          @tile_id=0>,
        @list=
         [#<RPG::EventCommand:0x00000000063d6890
           @code=101,
           @indent=0,
           @parameters=["@niko It's fairly comfy."]>,
          #<RPG::EventCommand:0x00000000063d6688
           @code=0,
           @indent=0,
           @parameters=[]>],
        @move_frequency=3,
        @move_route=
         #<RPG::MoveRoute:0x00000000063d64f8
          @list=
           [#<RPG::MoveCommand:0x00000000063d6408 @code=0, @parameters=[]>],
          @repeat=true,
          @skippable=false>,
        @move_speed=3,
        @move_type=0,
        @step_anime=true,
        @through=false,
        @trigger=0,
        @walk_anime=true>,
       #<RPG::Event::Page:0x00000000063d62c8
        @always_on_top=false,
        @condition=
         #<RPG::Event::Page::Condition:0x00000000063d6098
          @self_switch_ch="A",
          @self_switch_valid=false,
          @switch1_id=2,
          @switch1_valid=false,
          @switch2_id=1,
          @switch2_valid=false,
          @variable_id=3,
          @variable_valid=true,
          @variable_value=1>,
        @direction_fix=false,
        @graphic=
         #<RPG::Event::Page::Graphic:0x00000000063d5e68
          @blend_type=0,
          @character_hue=0,
          @character_name="",
          @direction=4,
          @opacity=255,
          @pattern=3,
          @tile_id=0>,
        @list=
         [#<RPG::EventCommand:0x00000000063d6250
           @code=0,
           @indent=0,
           @parameters=[]>],
        @move_frequency=3,
        @move_route=
         #<RPG::MoveRoute:0x00000000063d5ff8
          @list=
           [#<RPG::MoveCommand:0x00000000063d5f80 @code=0, @parameters=[]>],
          @repeat=true,
          @skippable=false>,
        @move_speed=3,
        @move_type=0,
        @step_anime=false,
        @through=false,
        @trigger=0,
        @walk_anime=true>],
     @x=15,
     @y=17>,
   18=>
    #<RPG::Event:0x00000000063d5c38
     @id=18,
     @name="nopass",
     @pages=
      [#<RPG::Event::Page:0x00000000063d5bc0
        @always_on_top=false,
        @condition=
         #<RPG::Event::Page::Condition:0x00000000063d5aa8
          @self_switch_ch="A",
          @self_switch_valid=false,
          @switch1_id=1,
          @switch1_valid=false,
          @switch2_id=1,
          @switch2_valid=false,
          @variable_id=1,
          @variable_valid=false,
          @variable_value=0>,
        @direction_fix=false,
        @graphic=
         #<RPG::Event::Page::Graphic:0x00000000063d5850
          @blend_type=0,
          @character_hue=0,
          @character_name="",
          @direction=2,
          @opacity=255,
          @pattern=0,
          @tile_id=0>,
        @list=
         [#<RPG::EventCommand:0x00000000063d5b70
           @code=0,
           @indent=0,
           @parameters=[]>],
        @move_frequency=3,
        @move_route=
         #<RPG::MoveRoute:0x00000000063d5968
          @list=
           [#<RPG::MoveCommand:0x00000000063d58f0 @code=0, @parameters=[]>],
          @repeat=true,
          @skippable=false>,
        @move_speed=3,
        @move_type=0,
        @step_anime=false,
        @through=false,
        @trigger=0,
        @walk_anime=true>],
     @x=18,
     @y=16>,
   2=>
    #<RPG::Event:0x00000000063d5648
     @id=2,
     @name="EV002",
     @pages=
      [#<RPG::Event::Page:0x00000000063d55f8
        @always_on_top=false,
        @condition=
         #<RPG::Event::Page::Condition:0x00000000063d5378
          @self_switch_ch="A",
          @self_switch_valid=false,
          @switch1_id=1,
          @switch1_valid=false,
          @switch2_id=1,
          @switch2_valid=false,
          @variable_id=1,
          @variable_valid=false,
          @variable_value=0>,
        @direction_fix=false,
        @graphic=
         #<RPG::Event::Page::Graphic:0x00000000063d4e50
          @blend_type=0,
          @character_hue=0,
          @character_name="",
          @direction=2,
          @opacity=255,
          @pattern=0,
          @tile_id=0>,
        @list=
         [#<RPG::EventCommand:0x00000000063d5468
           @code=0,
           @indent=0,
           @parameters=[]>],
        @move_frequency=3,
        @move_route=
         #<RPG::MoveRoute:0x00000000063d5030
          @list=
           [#<RPG::MoveCommand:0x00000000063d4fb8 @code=0, @parameters=[]>],
          @repeat=true,
          @skippable=false>,
        @move_speed=3,
        @move_type=0,
        @step_anime=false,
        @through=false,
        @trigger=0,
        @walk_anime=true>],
     @x=14,
     @y=16>,
   8=>
    #<RPG::Event:0x00000000063d4b80
     @id=8,
     @name="pc",
     @pages=
      [#<RPG::Event::Page:0x00000000063d4a18
        @always_on_top=false,
        @condition=
         #<RPG::Event::Page::Condition:0x00000000064b5d88
          @self_switch_ch="A",
          @self_switch_valid=false,
          @switch1_id=1,
          @switch1_valid=false,
          @switch2_id=1,
          @switch2_valid=false,
          @variable_id=1,
          @variable_valid=false,
          @variable_value=0>,
        @direction_fix=true,
        @graphic=
         #<RPG::Event::Page::Graphic:0x00000000064b5ba8
          @blend_type=0,
          @character_hue=0,
          @character_name="pc",
          @direction=2,
          @opacity=255,
          @pattern=0,
          @tile_id=0>,
        @list=
         [#<RPG::EventCommand:0x00000000063d4950
           @code=111,
           @indent=0,
           @parameters=[0, 178, 0]>,
          #<RPG::EventCommand:0x00000000063d4900
           @code=250,
           @indent=1,
           @parameters=
            [#<RPG::AudioFile:0x00000000063d4838
              @name="pc_on",
              @pitch=100,
              @volume=100>]>,
          #<RPG::EventCommand:0x00000000063d47c0
           @code=106,
           @indent=1,
           @parameters=[20]>,
          #<RPG::EventCommand:0x00000000063d4748
           @code=101,
           @indent=1,
           @parameters=["@niko It won't turn on."]>,
          #<RPG::EventCommand:0x00000000063d45e0
           @code=0,
           @indent=1,
           @parameters=[]>,
          #<RPG::EventCommand:0x00000000063d4590
           @code=411,
           @indent=0,
           @parameters=[]>,
          #<RPG::EventCommand:0x00000000063d4518
           @code=250,
           @indent=1,
           @parameters=
            [#<RPG::AudioFile:0x00000000063d4450
              @name="pc_on",
              @pitch=100,
              @volume=100>]>,
          #<RPG::EventCommand:0x00000000063d4338
           @code=122,
           @indent=1,
           @parameters=[1, 1, 0, 0, 0]>,
          #<RPG::EventCommand:0x00000000063d42e8
           @code=231,
           @indent=1,
           @parameters=[50, "black", 0, 0, 0, 0, 50, 50, 0, 0]>,
          #<RPG::EventCommand:0x00000000063d41f8
           @code=232,
           @indent=1,
           @parameters=[50, 40, 0, 0, 0, 0, 50, 50, 255, 0]>,
          #<RPG::EventCommand:0x00000000063d4158
           @code=106,
           @indent=1,
           @parameters=[40]>,
          #<RPG::EventCommand:0x00000000063d40e0
           @code=104,
           @indent=1,
           @parameters=[0, 1]>,
          #<RPG::EventCommand:0x00000000064b7f98
           @code=101,
           @indent=1,
           @parameters=["Input Password:\\n(Password Hint: None available)"]>,
          #<RPG::EventCommand:0x00000000064b7f20
           @code=355,
           @indent=1,
           @parameters=["Script.password2"]>,
          #<RPG::EventCommand:0x00000000064b7e80
           @code=121,
           @indent=1,
           @parameters=[91, 91, 0]>,
          #<RPG::EventCommand:0x00000000064b7e30
           @code=355,
           @indent=1,
           @parameters=["enter_name"]>,
          #<RPG::EventCommand:0x00000000064b7db8
           @code=121,
           @indent=1,
           @parameters=[91, 91, 1]>,
          #<RPG::EventCommand:0x00000000064b7d40
           @code=122,
           @indent=1,
           @parameters=[57, 57, 0, 1, 56]>,
          #<RPG::EventCommand:0x00000000064b7cf0
           @code=122,
           @indent=1,
           @parameters=[58, 58, 0, 1, 56]>,
          #<RPG::EventCommand:0x00000000064b7ca0
           @code=122,
           @indent=1,
           @parameters=[59, 59, 0, 1, 56]>,
          #<RPG::EventCommand:0x00000000064b7c28
           @code=122,
           @indent=1,
           @parameters=[60, 60, 0, 1, 56]>,
          #<RPG::EventCommand:0x00000000064b7bd8
           @code=122,
           @indent=1,
           @parameters=[60, 60, 5, 0, 10]>,
          #<RPG::EventCommand:0x00000000064b7b88
           @code=122,
           @indent=1,
           @parameters=[59, 59, 5, 0, 100]>,
          #<RPG::EventCommand:0x00000000064b7b10
           @code=122,
           @indent=1,
           @parameters=[58, 58, 5, 0, 1000]>,
          #<RPG::EventCommand:0x00000000064b7ac0
           @code=122,
           @indent=1,
           @parameters=[57, 57, 2, 1, 58]>,
          #<RPG::EventCommand:0x00000000064b7a70
           @code=122,
           @indent=1,
           @parameters=[57, 57, 4, 0, 1000]>,
          #<RPG::EventCommand:0x00000000064b79f8
           @code=122,
           @indent=1,
           @parameters=[58, 58, 2, 1, 59]>,
          #<RPG::EventCommand:0x00000000064b79a8
           @code=122,
           @indent=1,
           @parameters=[58, 58, 4, 0, 100]>,
          #<RPG::EventCommand:0x00000000064b7930
           @code=122,
           @indent=1,
           @parameters=[59, 59, 2, 1, 60]>,
          #<RPG::EventCommand:0x00000000064b78e0
           @code=122,
           @indent=1,
           @parameters=[59, 59, 4, 0, 10]>,
          #<RPG::EventCommand:0x00000000064b7890
           @code=121,
           @indent=1,
           @parameters=[22, 22, 1]>,
          #<RPG::EventCommand:0x00000000064b7818
           @code=111,
           @indent=1,
           @parameters=
            [12, "$game_temp.countdown_password.downcase == \"transit\""]>,
          #<RPG::EventCommand:0x00000000064b7778
           @code=121,
           @indent=2,
           @parameters=[22, 22, 0]>,
          #<RPG::EventCommand:0x00000000064b7728
           @code=0,
           @indent=2,
           @parameters=[]>,
          #<RPG::EventCommand:0x00000000064b76b0
           @code=412,
           @indent=1,
           @parameters=[]>,
          #<RPG::EventCommand:0x00000000064b7660
           @code=111,
           @indent=1,
           @parameters=[0, 22, 0]>,
          #<RPG::EventCommand:0x00000000064b7610
           @code=250,
           @indent=2,
           @parameters=
            [#<RPG::AudioFile:0x00000000064b75c0
              @name="pc_granted",
              @pitch=100,
              @volume=100>]>,
          #<RPG::EventCommand:0x00000000064b7548
           @code=101,
           @indent=2,
           @parameters=["\\c[2]Access Granted."]>,
          #<RPG::EventCommand:0x00000000064b74a8
           @code=247,
           @indent=2,
           @parameters=[]>,
          #<RPG::EventCommand:0x00000000064b7458
           @code=242,
           @indent=2,
           @parameters=[1]>,
          #<RPG::EventCommand:0x00000000064b7408
           @code=235,
           @indent=2,
           @parameters=[50]>,
          #<RPG::EventCommand:0x00000000064b7390
           @code=250,
           @indent=2,
           @parameters=
            [#<RPG::AudioFile:0x00000000064b7340
              @name="pc_logon",
              @pitch=100,
              @volume=90>]>,
          #<RPG::EventCommand:0x00000000064b72f0
           @code=231,
           @indent=2,
           @parameters=[1, "cg_desktop", 0, 0, 0, 0, 50, 50, 255, 0]>,
          #<RPG::EventCommand:0x00000000064b7250
           @code=224,
           @indent=2,
           @parameters=
            [#<Color:0x00000000064b7138
              @alpha=255.0,
              @blue=255.0,
              @green=255.0,
              @red=255.0>,
             10]>,
          #<RPG::EventCommand:0x00000000064b70c0
           @code=106,
           @indent=2,
           @parameters=[50]>,
          #<RPG::EventCommand:0x00000000064b7070
           @code=101,
           @indent=2,
           @parameters=["@desktop ..."]>,
          #<RPG::EventCommand:0x00000000064b6fd0
           @code=106,
           @indent=2,
           @parameters=[10]>,
          #<RPG::EventCommand:0x00000000064b6f80
           @code=101,
           @indent=2,
           @parameters=["@desktop You brought me here."]>,
          #<RPG::EventCommand:0x00000000064b6ee0
           @code=101,
           @indent=2,
           @parameters=["@desktop Ressurected me."]>,
          #<RPG::EventCommand:0x00000000064b6e40
           @code=101,
           @indent=2,
           @parameters=["@desktop Why?"]>,
          #<RPG::EventCommand:0x00000000064b6da0
           @code=101,
           @indent=2,
           @parameters=["@desktop Why would \\n you bring Niko back?"]>,
          #<RPG::EventCommand:0x00000000064b6d00
           @code=101,
           @indent=2,
           @parameters=["@desktop Back to a \\n crumbling world?"]>,
          #<RPG::EventCommand:0x00000000064b6c60
           @code=101,
           @indent=2,
           @parameters=["@desktop You tried to get rid of me."]>,
          #<RPG::EventCommand:0x00000000064b6b98
           @code=101,
           @indent=2,
           @parameters=["@desktop Code me out."]>,
          #<RPG::EventCommand:0x00000000064b6af8
           @code=101,
           @indent=2,
           @parameters=["@desktop Well, I'm hard to get rid of."]>,
          #<RPG::EventCommand:0x00000000064b6a58
           @code=101,
           @indent=2,
           @parameters=["@desktop And this time, \\n I won't be nice."]>,
          #<RPG::EventCommand:0x00000000064b6990
           @code=121,
           @indent=2,
           @parameters=[178, 178, 0]>,
          #<RPG::EventCommand:0x00000000064b6940
           @code=231,
           @indent=2,
           @parameters=[50, "black", 0, 0, 0, 0, 100, 100, 0, 0]>,
          #<RPG::EventCommand:0x00000000064b68a0
           @code=232,
           @indent=2,
           @parameters=[50, 20, 0, 0, 0, 0, 100, 100, 255, 0]>,
          #<RPG::EventCommand:0x00000000064b6828
           @code=106,
           @indent=2,
           @parameters=[20]>,
          #<RPG::EventCommand:0x00000000064b67b0
           @code=235,
           @indent=2,
           @parameters=[1]>,
          #<RPG::EventCommand:0x00000000064b6760
           @code=232,
           @indent=2,
           @parameters=[50, 20, 0, 0, 0, 0, 100, 100, 0, 0]>,
          #<RPG::EventCommand:0x00000000064b66e8
           @code=106,
           @indent=2,
           @parameters=[20]>,
          #<RPG::EventCommand:0x00000000064b6670
           @code=235,
           @indent=2,
           @parameters=[50]>,
          #<RPG::EventCommand:0x00000000064b6620
           @code=250,
           @indent=2,
           @parameters=
            [#<RPG::AudioFile:0x00000000064b65a8
              @name="door_unlock",
              @pitch=100,
              @volume=80>]>,
          #<RPG::EventCommand:0x00000000064b6530
           @code=106,
           @indent=2,
           @parameters=[20]>,
          #<RPG::EventCommand:0x00000000064b64e0
           @code=248,
           @indent=2,
           @parameters=[]>,
          #<RPG::EventCommand:0x00000000064b6468
           @code=0,
           @indent=2,
           @parameters=[]>,
          #<RPG::EventCommand:0x00000000064b63f0
           @code=411,
           @indent=1,
           @parameters=[]>,
          #<RPG::EventCommand:0x00000000064b63a0
           @code=250,
           @indent=2,
           @parameters=
            [#<RPG::AudioFile:0x00000000064b6328
              @name="pc_denied",
              @pitch=100,
              @volume=100>]>,
          #<RPG::EventCommand:0x00000000064b62b0
           @code=101,
           @indent=2,
           @parameters=["\\c[1]Access Denied."]>,
          #<RPG::EventCommand:0x00000000064b61e8
           @code=232,
           @indent=2,
           @parameters=[50, 20, 0, 0, 0, 0, 100, 100, 0, 0]>,
          #<RPG::EventCommand:0x00000000064b6170
           @code=106,
           @indent=2,
           @parameters=[20]>,
          #<RPG::EventCommand:0x00000000064b60f8
           @code=235,
           @indent=2,
           @parameters=[50]>,
          #<RPG::EventCommand:0x00000000064b6080
           @code=0,
           @indent=2,
           @parameters=[]>,
          #<RPG::EventCommand:0x00000000064b6008
           @code=412,
           @indent=1,
           @parameters=[]>,
          #<RPG::EventCommand:0x00000000064b5f90
           @code=104,
           @indent=1,
           @parameters=[2, 0]>,
          #<RPG::EventCommand:0x00000000064b5f18
           @code=0,
           @indent=1,
           @parameters=[]>,
          #<RPG::EventCommand:0x00000000064b5ea0
           @code=412,
           @indent=0,
           @parameters=[]>,
          #<RPG::EventCommand:0x00000000064b5e28
           @code=0,
           @indent=0,
           @parameters=[]>],
        @move_frequency=3,
        @move_route=
         #<RPG::MoveRoute:0x00000000064b5cc0
          @list=
           [#<RPG::MoveCommand:0x00000000064b5c70 @code=0, @parameters=[]>],
          @repeat=true,
          @skippable=false>,
        @move_speed=6,
        @move_type=0,
        @step_anime=false,
        @through=false,
        @trigger=0,
        @walk_anime=true>],
     @x=17,
     @y=16>,
   14=>
    #<RPG::Event:0x00000000064b5a90
     @id=14,
     @name="bookshelf left",
     @pages=
      [#<RPG::Event::Page:0x00000000064b5a18
        @always_on_top=false,
        @condition=
         #<RPG::Event::Page::Condition:0x00000000064b5860
          @self_switch_ch="A",
          @self_switch_valid=false,
          @switch1_id=1,
          @switch1_valid=false,
          @switch2_id=1,
          @switch2_valid=false,
          @variable_id=1,
          @variable_valid=false,
          @variable_value=0>,
        @direction_fix=false,
        @graphic=
         #<RPG::Event::Page::Graphic:0x00000000064b5680
          @blend_type=0,
          @character_hue=0,
          @character_name="",
          @direction=2,
          @opacity=255,
          @pattern=0,
          @tile_id=0>,
        @list=
         [#<RPG::EventCommand:0x00000000064b59a0
           @code=122,
           @indent=0,
           @parameters=[4, 4, 0, 0, 1]>,
          #<RPG::EventCommand:0x00000000064b5900
           @code=0,
           @indent=0,
           @parameters=[]>],
        @move_frequency=3,
        @move_route=
         #<RPG::MoveRoute:0x00000000064b5798
          @list=
           [#<RPG::MoveCommand:0x00000000064b5720 @code=0, @parameters=[]>],
          @repeat=true,
          @skippable=false>,
        @move_speed=3,
        @move_type=0,
        @step_anime=false,
        @through=false,
        @trigger=0,
        @walk_anime=true>],
     @x=19,
     @y=16>,
   3=>
    #<RPG::Event:0x00000000064b54f0
     @id=3,
     @name="EV003",
     @pages=
      [#<RPG::Event::Page:0x00000000064b54a0
        @always_on_top=false,
        @condition=
         #<RPG::Event::Page::Condition:0x00000000064b5298
          @self_switch_ch="A",
          @self_switch_valid=false,
          @switch1_id=1,
          @switch1_valid=false,
          @switch2_id=1,
          @switch2_valid=false,
          @variable_id=1,
          @variable_valid=false,
          @variable_value=0>,
        @direction_fix=false,
        @graphic=
         #<RPG::Event::Page::Graphic:0x00000000064b5068
          @blend_type=0,
          @character_hue=0,
          @character_name="",
          @direction=2,
          @opacity=255,
          @pattern=0,
          @tile_id=0>,
        @list=
         [#<RPG::EventCommand:0x00000000064b5400
           @code=101,
           @indent=0,
           @parameters=["@niko It's fairly comfy."]>,
          #<RPG::EventCommand:0x00000000064b5338
           @code=0,
           @indent=0,
           @parameters=[]>],
        @move_frequency=3,
        @move_route=
         #<RPG::MoveRoute:0x00000000064b51a8
          @list=
           [#<RPG::MoveCommand:0x00000000064b5130 @code=0, @parameters=[]>],
          @repeat=true,
          @skippable=false>,
        @move_speed=3,
        @move_type=0,
        @step_anime=false,
        @through=false,
        @trigger=0,
        @walk_anime=true>],
     @x=15,
     @y=16>,
   20=>
    #<RPG::Event:0x00000000064b4ed8
     @id=20,
     @name="EV020",
     @pages=
      [#<RPG::Event::Page:0x00000000064b4e60
        @always_on_top=true,
        @condition=
         #<RPG::Event::Page::Condition:0x00000000064b4d20
          @self_switch_ch="A",
          @self_switch_valid=false,
          @switch1_id=1,
          @switch1_valid=false,
          @switch2_id=1,
          @switch2_valid=false,
          @variable_id=1,
          @variable_valid=false,
          @variable_value=0>,
        @direction_fix=true,
        @graphic=
         #<RPG::Event::Page::Graphic:0x00000000064b4aa0
          @blend_type=1,
          @character_hue=0,
          @character_name="start_lightmaps",
          @direction=2,
          @opacity=155,
          @pattern=1,
          @tile_id=0>,
        @list=
         [#<RPG::EventCommand:0x00000000064b4de8
           @code=0,
           @indent=0,
           @parameters=[]>],
        @move_frequency=3,
        @move_route=
         #<RPG::MoveRoute:0x00000000064b4c08
          @list=
           [#<RPG::MoveCommand:0x00000000064b4b90 @code=0, @parameters=[]>],
          @repeat=true,
          @skippable=false>,
        @move_speed=3,
        @move_type=0,
        @step_anime=false,
        @through=true,
        @trigger=0,
        @walk_anime=true>],
     @x=22,
     @y=16>,
   9=>
    #<RPG::Event:0x00000000064b4898
     @id=9,
     @name="east door",
     @pages=
      [#<RPG::Event::Page:0x00000000064b47f8
        @always_on_top=false,
        @condition=
         #<RPG::Event::Page::Condition:0x00000000064b42d0
          @self_switch_ch="A",
          @self_switch_valid=false,
          @switch1_id=1,
          @switch1_valid=false,
          @switch2_id=1,
          @switch2_valid=false,
          @variable_id=1,
          @variable_valid=false,
          @variable_value=0>,
        @direction_fix=false,
        @graphic=
         #<RPG::Event::Page::Graphic:0x00000000063bbd10
          @blend_type=0,
          @character_hue=0,
          @character_name="",
          @direction=2,
          @opacity=255,
          @pattern=0,
          @tile_id=0>,
        @list=
         [#<RPG::EventCommand:0x00000000064b4758
           @code=250,
           @indent=0,
           @parameters=
            [#<RPG::AudioFile:0x00000000064b4708
              @name="door_open",
              @pitch=100,
              @volume=100>]>,
          #<RPG::EventCommand:0x00000000064b4618
           @code=201,
           @indent=0,
           @parameters=[0, 349, 23, 16, 4, 0]>,
          #<RPG::EventCommand:0x00000000064b4528
           @code=250,
           @indent=0,
           @parameters=
            [#<RPG::AudioFile:0x00000000064b44b0
              @name="door_close",
              @pitch=100,
              @volume=100>]>,
          #<RPG::EventCommand:0x00000000064b4398
           @code=0,
           @indent=0,
           @parameters=[]>],
        @move_frequency=3,
        @move_route=
         #<RPG::MoveRoute:0x00000000064b4168
          @list=
           [#<RPG::MoveCommand:0x00000000064b40f0 @code=0, @parameters=[]>],
          @repeat=true,
          @skippable=false>,
        @move_speed=3,
        @move_type=0,
        @step_anime=false,
        @through=false,
        @trigger=1,
        @walk_anime=true>],
     @x=11,
     @y=18>,
   15=>
    #<RPG::Event:0x00000000063bb3b0
     @id=15,
     @name="bookshelf right",
     @pages=
      [#<RPG::Event::Page:0x00000000063bb1a8
        @always_on_top=false,
        @condition=
         #<RPG::Event::Page::Condition:0x00000000063bab90
          @self_switch_ch="A",
          @self_switch_valid=false,
          @switch1_id=1,
          @switch1_valid=false,
          @switch2_id=1,
          @switch2_valid=false,
          @variable_id=1,
          @variable_valid=false,
          @variable_value=0>,
        @direction_fix=false,
        @graphic=
         #<RPG::Event::Page::Graphic:0x00000000063ba668
          @blend_type=0,
          @character_hue=0,
          @character_name="",
          @direction=2,
          @opacity=255,
          @pattern=0,
          @tile_id=0>,
        @list=
         [#<RPG::EventCommand:0x00000000063bb090
           @code=122,
           @indent=0,
           @parameters=[4, 4, 0, 0, 1]>,
          #<RPG::EventCommand:0x00000000063baeb0
           @code=0,
           @indent=0,
           @parameters=[]>],
        @move_frequency=3,
        @move_route=
         #<RPG::MoveRoute:0x00000000063ba8e8
          @list=
           [#<RPG::MoveCommand:0x00000000063ba7f8 @code=0, @parameters=[]>],
          @repeat=true,
          @skippable=false>,
        @move_speed=3,
        @move_type=0,
        @step_anime=false,
        @through=false,
        @trigger=0,
        @walk_anime=true>],
     @x=20,
     @y=16>,
   4=>
    #<RPG::Event:0x00000000063b9f60
     @id=4,
     @name="bed bottom right",
     @pages=
      [#<RPG::Event::Page:0x00000000063b9da8
        @always_on_top=false,
        @condition=
         #<RPG::Event::Page::Condition:0x00000000063b9970
          @self_switch_ch="A",
          @self_switch_valid=false,
          @switch1_id=1,
          @switch1_valid=false,
          @switch2_id=1,
          @switch2_valid=false,
          @variable_id=1,
          @variable_valid=false,
          @variable_value=0>,
        @direction_fix=true,
        @graphic=
         #<RPG::Event::Page::Graphic:0x00000000063b8c28
          @blend_type=0,
          @character_hue=0,
          @character_name="bed",
          @direction=6,
          @opacity=255,
          @pattern=3,
          @tile_id=0>,
        @list=
         [#<RPG::EventCommand:0x00000000063b9b78
           @code=0,
           @indent=0,
           @parameters=[]>],
        @move_frequency=3,
        @move_route=
         #<RPG::MoveRoute:0x00000000063b92e0
          @list=
           [#<RPG::MoveCommand:0x00000000063b9060 @code=0, @parameters=[]>],
          @repeat=true,
          @skippable=false>,
        @move_speed=3,
        @move_type=0,
        @step_anime=false,
        @through=true,
        @trigger=0,
        @walk_anime=true>,
       #<RPG::Event::Page:0x00000000063b8840
        @always_on_top=false,
        @condition=
         #<RPG::Event::Page::Condition:0x00000000063b84a8
          @self_switch_ch="A",
          @self_switch_valid=false,
          @switch1_id=2,
          @switch1_valid=false,
          @switch2_id=1,
          @switch2_valid=false,
          @variable_id=3,
          @variable_valid=true,
          @variable_value=1>,
        @direction_fix=true,
        @graphic=
         #<RPG::Event::Page::Graphic:0x00000000064c7f10
          @blend_type=0,
          @character_hue=0,
          @character_name="bed",
          @direction=4,
          @opacity=255,
          @pattern=3,
          @tile_id=0>,
        @list=
         [#<RPG::EventCommand:0x00000000063b8750
           @code=0,
           @indent=0,
           @parameters=[]>],
        @move_frequency=3,
        @move_route=
         #<RPG::MoveRoute:0x00000000063b81b0
          @list=
           [#<RPG::MoveCommand:0x00000000063b80e8 @code=0, @parameters=[]>],
          @repeat=true,
          @skippable=false>,
        @move_speed=3,
        @move_type=0,
        @step_anime=false,
        @through=true,
        @trigger=0,
        @walk_anime=true>,
       #<RPG::Event::Page:0x00000000064c7c40
        @always_on_top=false,
        @condition=
         #<RPG::Event::Page::Condition:0x00000000064c7768
          @self_switch_ch="A",
          @self_switch_valid=false,
          @switch1_id=2,
          @switch1_valid=false,
          @switch2_id=1,
          @switch2_valid=false,
          @variable_id=3,
          @variable_valid=true,
          @variable_value=2>,
        @direction_fix=true,
        @graphic=
         #<RPG::Event::Page::Graphic:0x00000000064c7038
          @blend_type=0,
          @character_hue=0,
          @character_name="bed",
          @direction=4,
          @opacity=255,
          @pattern=3,
          @tile_id=0>,
        @list=
         [#<RPG::EventCommand:0x00000000064c7b78
           @code=101,
           @indent=0,
           @parameters=["@niko It's fairly comfy."]>,
          #<RPG::EventCommand:0x00000000064c79c0
           @code=0,
           @indent=0,
           @parameters=[]>],
        @move_frequency=3,
        @move_route=
         #<RPG::MoveRoute:0x00000000064c7420
          @list=
           [#<RPG::MoveCommand:0x00000000064c7330 @code=0, @parameters=[]>],
          @repeat=true,
          @skippable=false>,
        @move_speed=3,
        @move_type=0,
        @step_anime=false,
        @through=false,
        @trigger=0,
        @walk_anime=true>],
     @x=14,
     @y=17>,
   10=>
    #<RPG::Event:0x00000000064c6b10
     @id=10,
     @name="south door",
     @pages=
      [#<RPG::Event::Page:0x00000000064c6ac0
        @always_on_top=false,
        @condition=
         #<RPG::Event::Page::Condition:0x00000000064c5c88
          @self_switch_ch="A",
          @self_switch_valid=false,
          @switch1_id=1,
          @switch1_valid=false,
          @switch2_id=1,
          @switch2_valid=false,
          @variable_id=1,
          @variable_valid=false,
          @variable_value=0>,
        @direction_fix=false,
        @graphic=
         #<RPG::Event::Page::Graphic:0x00000000064c5b98
          @blend_type=0,
          @character_hue=0,
          @character_name="",
          @direction=2,
          @opacity=255,
          @pattern=0,
          @tile_id=0>,
        @list=
         [#<RPG::EventCommand:0x00000000064c6a48
           @code=111,
           @indent=0,
           @parameters=[0, 178, 0]>,
          #<RPG::EventCommand:0x00000000064c69a8
           @code=250,
           @indent=1,
           @parameters=
            [#<RPG::AudioFile:0x00000000064c6930
              @name="door_open",
              @pitch=100,
              @volume=100>]>,
          #<RPG::EventCommand:0x00000000064c6868
           @code=122,
           @indent=1,
           @parameters=[74, 74, 0, 0, 1]>,
          #<RPG::EventCommand:0x00000000064c67a0
           @code=201,
           @indent=1,
           @parameters=[0, 350, 10, 16, 8, 0]>,
          #<RPG::EventCommand:0x00000000064c66b0
           @code=0,
           @indent=1,
           @parameters=[]>,
          #<RPG::EventCommand:0x00000000064c65e8
           @code=411,
           @indent=0,
           @parameters=[]>,
          #<RPG::EventCommand:0x00000000064c6520
           @code=250,
           @indent=1,
           @parameters=
            [#<RPG::AudioFile:0x00000000064c6480
              @name="door_locked",
              @pitch=100,
              @volume=80>]>,
          #<RPG::EventCommand:0x00000000064c62f0
           @code=101,
           @indent=1,
           @parameters=["@niko_eyeclosed It's locked..."]>,
          #<RPG::EventCommand:0x00000000064c6138
           @code=0,
           @indent=1,
           @parameters=[]>,
          #<RPG::EventCommand:0x00000000064c5f80
           @code=412,
           @indent=0,
           @parameters=[]>,
          #<RPG::EventCommand:0x00000000064c5cd8
           @code=0,
           @indent=0,
           @parameters=[]>],
        @move_frequency=3,
        @move_route=
         #<RPG::MoveRoute:0x00000000064c5c38
          @list=
           [#<RPG::MoveCommand:0x00000000064c5be8 @code=0, @parameters=[]>],
          @repeat=true,
          @skippable=false>,
        @move_speed=3,
        @move_type=0,
        @step_anime=false,
        @through=false,
        @trigger=1,
        @walk_anime=true>],
     @x=19,
     @y=22>},
 @height=30,
 @tileset_id=1,
 @width=50>
