[nil,
 #<RPG::Enemy:0x00000000063c1058
  @actions=
   [#<RPG::Enemy::Action:0x0000000006483b80
     @basic=0,
     @condition_hp=100,
     @condition_level=1,
     @condition_switch_id=0,
     @condition_turn_a=0,
     @condition_turn_b=1,
     @kind=0,
     @rating=5,
     @skill_id=1>],
  @agi=50,
  @animation1_id=0,
  @animation2_id=0,
  @armor_id=0,
  @atk=100,
  @battler_hue=0,
  @battler_name="",
  @dex=50,
  @element_ranks=
   #<Table:0x0000000006483cc0
    @elements=[0, 3],
    @num_of_dimensions=1,
    @num_of_elements=2,
    @xsize=2,
    @ysize=1,
    @zsize=1>,
  @eva=0,
  @exp=0,
  @gold=0,
  @id=1,
  @int=50,
  @item_id=0,
  @maxhp=500,
  @maxsp=500,
  @mdef=100,
  @name="",
  @pdef=100,
  @state_ranks=
   #<Table:0x00000000063c00e0
    @elements=[0, 3],
    @num_of_dimensions=1,
    @num_of_elements=2,
    @xsize=2,
    @ysize=1,
    @zsize=1>,
  @str=50,
  @treasure_prob=100,
  @weapon_id=0>]
